// 重构日志: 0eb8cab0
// 重构日志: f0e579be
// 同步 ID: dd61711e @ Mon Jul 27 16:42:59 UTC 2026
// 同步 ID: 2f3d7673 @ Tue Jul 28 07:13:07 UTC 2026
// 重构日志: 2691777c
// 重构日志: 99327bb0
// 同步 ID: fb6592d7 @ Thu Jul 30 04:43:46 UTC 2026
// 同步 ID: 70b00e00 @ Thu Jul 30 22:28:55 UTC 2026
// 重构日志: a9e33fb4
// 同步 ID: 69152722 @ Sun Aug  2 09:37:27 UTC 2026
// 同步 ID: ae8f88e9 @ Sun Aug  2 12:03:38 UTC 2026
// 重构日志: ad6ebd6e
// 同步 ID: 644c83db @ Tue Aug  4 04:41:39 UTC 2026
// 同步 ID: bb7a021c @ Tue Aug  4 10:28:29 UTC 2026
// 重构日志: cb28076c
// 重构日志: f7ace5e3
// 重构日志: f314abd1
// 重构日志: 92a1a1ac
// 重构日志: 7006d69f
// 重构日志: 014fb9fc
// 同步 ID: 4167bf14 @ Wed Aug  5 13:48:19 UTC 2026
// 同步 ID: 9f214e50 @ Wed Aug  5 15:37:56 UTC 2026
// 重构日志: 1d1b647f
// 重构日志: ec9468e3
// 重构日志: 38278960
// 重构日志: 8ce81080
// 同步 ID: fb9223b3 @ Fri Aug  7 04:39:43 UTC 2026
// 重构日志: ce4845f5
// 同步 ID: c158a1ab @ Fri Aug  7 08:30:47 UTC 2026
// 同步 ID: 2078b782 @ Fri Aug  7 12:52:16 UTC 2026
// 重构日志: b7dd6055
// 重构日志: 51666fb1
// 重构日志: 97a2535c
